> Task :kfizzix-library:checkKotlinGradlePluginConfigurationErrors

> Task :kfizzix-library:compileKotlin FAILED
e: file:///app/kfizzix-library/src/main/kotlin/com/hereliesaz/kfizzix/callbacks/ContactFilter.kt:44:32 Unresolved reference: filterData
e: file:///app/kfizzix-library/src/main/kotlin/com/hereliesaz/kfizzix/callbacks/ContactFilter.kt:45:32 Unresolved reference: filterData
e: file:///app/kfizzix-library/src/main/kotlin/com/hereliesaz/kfizzix/collision/AABB.kt:88:27 Function invocation 'isValid()' expected
e: file:///app/kfizzix-library/src/main/kotlin/com/hereliesaz/kfizzix/collision/AABB.kt:88:49 Function invocation 'isValid()' expected
e: file:///app/kfizzix-library/src/main/kotlin/com/hereliesaz/kfizzix/collision/AABB.kt:199:30 None of the following functions can be called with the arguments supplied:
public final fun abs(x: Float): Float defined in com.hereliesaz.kfizzix.common.MathUtils
public final fun abs(x: Int): Int defined in com.hereliesaz.kfizzix.common.MathUtils
e: file:///app/kfizzix-library/src/main/kotlin/com/hereliesaz/kfizzix/collision/Collision.kt:64:14 Unresolved reference: distance
e: file:///app/kfizzix-library/src/main/kotlin/com/hereliesaz/kfizzix/collision/Collision.kt:362:17 Cannot find a parameter with this name: indexA
e: file:///app/kfizzix-library/src/main/kotlin/com/hereliesaz/kfizzix/collision/Collision.kt:363:17 Cannot find a parameter with this name: indexB
e: file:///app/kfizzix-library/src/main/kotlin/com/hereliesaz/kfizzix/collision/Collision.kt:364:17 Cannot find a parameter with this name: typeA
e: file:///app/kfizzix-library/src/main/kotlin/com/hereliesaz/kfizzix/collision/Collision.kt:364:35 Unresolved reference: Type
e: file:///app/kfizzix-library/src/main/kotlin/com/hereliesaz/kfizzix/collision/Collision.kt:365:17 Cannot find a parameter with this name: typeB
e: file:///app/kfizzix-library/src/main/kotlin/com/hereliesaz/kfizzix/collision/Collision.kt:365:35 Unresolved reference: Type
e: file:///app/kfizzix-library/src/main/kotlin/com/hereliesaz/kfizzix/collision/Collision.kt:376:17 Cannot find a parameter with this name: indexA
e: file:///app/kfizzix-library/src/main/kotlin/com/hereliesaz/kfizzix/collision/Collision.kt:377:17 Cannot find a parameter with this name: indexB
e: file:///app/kfizzix-library/src/main/kotlin/com/hereliesaz/kfizzix/collision/Collision.kt:378:17 Cannot find a parameter with this name: typeA
e: file:///app/kfizzix-library/src/main/kotlin/com/hereliesaz/kfizzix/collision/Collision.kt:378:35 Unresolved reference: Type
e: file:///app/kfizzix-library/src/main/kotlin/com/hereliesaz/kfizzix/collision/Collision.kt:379:17 Cannot find a parameter with this name: typeB
e: file:///app/kfizzix-library/src/main/kotlin/com/hereliesaz/kfizzix/collision/Collision.kt:379:35 Unresolved reference: Type
e: file:///app/kfizzix-library/src/main/kotlin/com/hereliesaz/kfizzix/collision/Collision.kt:557:30 Unresolved reference: Type
e: file:///app/kfizzix-library/src/main/kotlin/com/hereliesaz/kfizzix/collision/Collision.kt:576:34 Unresolved reference: Type
e: file:///app/kfizzix-library/src/main/kotlin/com/hereliesaz/kfizzix/collision/Collision.kt:605:34 Unresolved reference: Type
e: file:///app/kfizzix-library/src/main/kotlin/com/hereliesaz/kfizzix/collision/Collision.kt:633:30 Unresolved reference: Type
e: file:///app/kfizzix-library/src/main/kotlin/com/hereliesaz/kfizzix/collision/Collision.kt:995:42 Unresolved reference: Type
e: file:///app/kfizzix-library/src/main/kotlin/com/hereliesaz/kfizzix/collision/Collision.kt:996:42 Unresolved reference: Type
e: file:///app/kfizzix-library/src/main/kotlin/com/hereliesaz/kfizzix/collision/Collision.kt:1000:42 Unresolved reference: Type
e: file:///app/kfizzix-library/src/main/kotlin/com/hereliesaz/kfizzix/collision/Collision.kt:1001:42 Unresolved reference: Type
e: file:///app/kfizzix-library/src/main/kotlin/com/hereliesaz/kfizzix/collision/Collision.kt:1020:42 Unresolved reference: Type
e: file:///app/kfizzix-library/src/main/kotlin/com/hereliesaz/kfizzix/collision/Collision.kt:1021:42 Unresolved reference: Type
e: file:///app/kfizzix-library/src/main/kotlin/com/hereliesaz/kfizzix/collision/Collision.kt:1025:42 Unresolved reference: Type
e: file:///app/kfizzix-library/src/main/kotlin/com/hereliesaz/kfizzix/collision/Collision.kt:1026:42 Unresolved reference: Type
e: file:///app/kfizzix-library/src/main/kotlin/com/hereliesaz/kfizzix/collision/Collision.kt:1258:53 None of the following functions can be called with the arguments supplied:
public final operator fun times(other: Byte): Float defined in kotlin.Float
public final operator fun times(other: Double): Double defined in kotlin.Float
public final operator fun times(other: Float): Float defined in kotlin.Float
public final operator fun times(other: Int): Float defined in kotlin.Float
public final operator fun times(other: Long): Float defined in kotlin.Float
public final operator fun times(other: Short): Float defined in kotlin.Float
e: file:///app/kfizzix-library/src/main/kotlin/com/hereliesaz/kfizzix/collision/Collision.kt:1263:25 Cannot find a parameter with this name: indexA
e: file:///app/kfizzix-library/src/main/kotlin/com/hereliesaz/kfizzix/collision/Collision.kt:1264:25 Cannot find a parameter with this name: indexB
e: file:///app/kfizzix-library/src/main/kotlin/com/hereliesaz/kfizzix/collision/Collision.kt:1265:25 Cannot find a parameter with this name: typeA
e: file:///app/kfizzix-library/src/main/kotlin/com/hereliesaz/kfizzix/collision/Collision.kt:1265:43 Unresolved reference: Type
e: file:///app/kfizzix-library/src/main/kotlin/com/hereliesaz/kfizzix/collision/Collision.kt:1266:25 Cannot find a parameter with this name: typeB
e: file:///app/kfizzix-library/src/main/kotlin/com/hereliesaz/kfizzix/collision/Collision.kt:1266:43 Unresolved reference: Type
e: file:///app/kfizzix-library/src/main/kotlin/com/hereliesaz/kfizzix/collision/Distance.kt:492:33 Only safe (?.) or non-null asserted (!!.) calls are allowed on a nullable receiver of type Array<Vec2>?
e: file:///app/kfizzix-library/src/main/kotlin/com/hereliesaz/kfizzix/collision/Distance.kt:494:25 Only safe (?.) or non-null asserted (!!.) calls are allowed on a nullable receiver of type Array<Vec2>?
e: file:///app/kfizzix-library/src/main/kotlin/com/hereliesaz/kfizzix/collision/Distance.kt:496:25 Only safe (?.) or non-null asserted (!!.) calls are allowed on a nullable receiver of type Array<Vec2>?
e: file:///app/kfizzix-library/src/main/kotlin/com/hereliesaz/kfizzix/collision/TimeOfImpact.kt:140:18 Unresolved reference: distance
e: file:///app/kfizzix-library/src/main/kotlin/com/hereliesaz/kfizzix/collision/TimeOfImpact.kt:236:25 Val cannot be reassigned
e: file:///app/kfizzix-library/src/main/kotlin/com/hereliesaz/kfizzix/collision/TimeOfImpact.kt:239:25 Val cannot be reassigned
e: file:///app/kfizzix-library/src/main/kotlin/com/hereliesaz/kfizzix/collision/broadphase/DefaultBroadPhaseBuffer.kt:87:21 Unresolved reference: testOverlap
e: file:///app/kfizzix-library/src/main/kotlin/com/hereliesaz/kfizzix/collision/broadphase/DynamicTree.kt:70:21 Function invocation 'isValid()' expected
e: file:///app/kfizzix-library/src/main/kotlin/com/hereliesaz/kfizzix/collision/broadphase/DynamicTree.kt:93:21 Function invocation 'isValid()' expected
e: file:///app/kfizzix-library/src/main/kotlin/com/hereliesaz/kfizzix/collision/broadphase/DynamicTree.kt:137:21 Function invocation 'isValid()' expected
e: file:///app/kfizzix-library/src/main/kotlin/com/hereliesaz/kfizzix/collision/broadphase/DynamicTree.kt:142:22 Unresolved reference: testOverlap
e: file:///app/kfizzix-library/src/main/kotlin/com/hereliesaz/kfizzix/collision/broadphase/DynamicTree.kt:214:23 Unresolved reference: testOverlap
e: file:///app/kfizzix-library/src/main/kotlin/com/hereliesaz/kfizzix/collision/broadphase/DynamicTree.kt:365:34 Unresolved reference: combine
e: file:///app/kfizzix-library/src/main/kotlin/com/hereliesaz/kfizzix/collision/broadphase/DynamicTree.kt:382:32 Unresolved reference: combine
e: file:///app/kfizzix-library/src/main/kotlin/com/hereliesaz/kfizzix/collision/broadphase/DynamicTree.kt:449:18 Unresolved reference: combine
e: file:///app/kfizzix-library/src/main/kotlin/com/hereliesaz/kfizzix/collision/broadphase/DynamicTree.kt:461:18 Unresolved reference: combine
e: file:///app/kfizzix-library/src/main/kotlin/com/hereliesaz/kfizzix/collision/broadphase/DynamicTree.kt:462:31 Only safe (?.) or non-null asserted (!!.) calls are allowed on a nullable receiver of type DynamicTreeNode?
e: file:///app/kfizzix-library/src/main/kotlin/com/hereliesaz/kfizzix/collision/broadphase/DynamicTree.kt:465:37 Only safe (?.) or non-null asserted (!!.) calls are allowed on a nullable receiver of type DynamicTreeNode?
e: file:///app/kfizzix-library/src/main/kotlin/com/hereliesaz/kfizzix/collision/broadphase/DynamicTree.kt:473:18 Unresolved reference: combine
e: file:///app/kfizzix-library/src/main/kotlin/com/hereliesaz/kfizzix/collision/broadphase/DynamicTree.kt:474:31 Only safe (?.) or non-null asserted (!!.) calls are allowed on a nullable receiver of type DynamicTreeNode?
e: file:///app/kfizzix-library/src/main/kotlin/com/hereliesaz/kfizzix/collision/broadphase/DynamicTree.kt:477:37 Only safe (?.) or non-null asserted (!!.) calls are allowed on a nullable receiver of type DynamicTreeNode?
e: file:///app/kfizzix-library/src/main/kotlin/com/hereliesaz/kfizzix/collision/broadphase/DynamicTree.kt:500:14 Unresolved reference: combine
e: file:///app/kfizzix-library/src/main/kotlin/com/hereliesaz/kfizzix/collision/broadphase/DynamicTree.kt:529:31 Only safe (?.) or non-null asserted (!!.) calls are allowed on a nullable receiver of type DynamicTreeNode?
e: file:///app/kfizzix-library/src/main/kotlin/com/hereliesaz/kfizzix/collision/broadphase/DynamicTree.kt:530:31 Only safe (?.) or non-null asserted (!!.) calls are allowed on a nullable receiver of type DynamicTreeNode?
e: file:///app/kfizzix-library/src/main/kotlin/com/hereliesaz/kfizzix/collision/broadphase/DynamicTree.kt:535:18 Only safe (?.) or non-null asserted (!!.) calls are allowed on a nullable receiver of type DynamicTreeNode?
e: file:///app/kfizzix-library/src/main/kotlin/com/hereliesaz/kfizzix/collision/broadphase/DynamicTree.kt:536:18 Unresolved reference: combine
e: file:///app/kfizzix-library/src/main/kotlin/com/hereliesaz/kfizzix/collision/broadphase/DynamicTree.kt:536:57 Only safe (?.) or non-null asserted (!!.) calls are allowed on a nullable receiver of type DynamicTreeNode?
e: file:///app/kfizzix-library/src/main/kotlin/com/hereliesaz/kfizzix/collision/broadphase/DynamicTree.kt:538:26 Only safe (?.) or non-null asserted (!!.) calls are allowed on a nullable receiver of type DynamicTreeNode?
e: file:///app/kfizzix-library/src/main/kotlin/com/hereliesaz/kfizzix/collision/broadphase/DynamicTree.kt:569:35 Only safe (?.) or non-null asserted (!!.) calls are allowed on a nullable receiver of type DynamicTreeNode?
e: file:///app/kfizzix-library/src/main/kotlin/com/hereliesaz/kfizzix/collision/broadphase/DynamicTree.kt:570:35 Only safe (?.) or non-null asserted (!!.) calls are allowed on a nullable receiver of type DynamicTreeNode?
e: file:///app/kfizzix-library/src/main/kotlin/com/hereliesaz/kfizzix/collision/broadphase/DynamicTree.kt:571:22 Unresolved reference: combine
e: file:///app/kfizzix-library/src/main/kotlin/com/hereliesaz/kfizzix/collision/broadphase/DynamicTree.kt:571:65 Only safe (?.) or non-null asserted (!!.) calls are allowed on a nullable receiver of type DynamicTreeNode?
e: file:///app/kfizzix-library/src/main/kotlin/com/hereliesaz/kfizzix/collision/broadphase/DynamicTree.kt:572:22 Only safe (?.) or non-null asserted (!!.) calls are allowed on a nullable receiver of type DynamicTreeNode?
e: file:///app/kfizzix-library/src/main/kotlin/com/hereliesaz/kfizzix/collision/broadphase/DynamicTree.kt:572:56 Only safe (?.) or non-null asserted (!!.) calls are allowed on a nullable receiver of type DynamicTreeNode?
e: file:///app/kfizzix-library/src/main/kotlin/com/hereliesaz/kfizzix/collision/broadphase/DynamicTree.kt:572:71 Only safe (?.) or non-null asserted (!!.) calls are allowed on a nullable receiver of type DynamicTreeNode?
e: file:///app/kfizzix-library/src/main/kotlin/com/hereliesaz/kfizzix/collision/broadphase/DynamicTree.kt:573:30 Only safe (?.) or non-null asserted (!!.) calls are allowed on a nullable receiver of type DynamicTreeNode?
e: file:///app/kfizzix-library/src/main/kotlin/com/hereliesaz/kfizzix/collision/broadphase/DynamicTree.kt:623:22 Unresolved reference: combine
e: file:///app/kfizzix-library/src/main/kotlin/com/hereliesaz/kfizzix/collision/broadphase/DynamicTree.kt:624:22 Unresolved reference: combine
e: file:///app/kfizzix-library/src/main/kotlin/com/hereliesaz/kfizzix/collision/broadphase/DynamicTree.kt:630:22 Unresolved reference: combine
e: file:///app/kfizzix-library/src/main/kotlin/com/hereliesaz/kfizzix/collision/broadphase/DynamicTree.kt:631:22 Unresolved reference: combine
e: file:///app/kfizzix-library/src/main/kotlin/com/hereliesaz/kfizzix/collision/broadphase/DynamicTree.kt:663:22 Unresolved reference: combine
e: file:///app/kfizzix-library/src/main/kotlin/com/hereliesaz/kfizzix/collision/broadphase/DynamicTree.kt:664:22 Unresolved reference: combine
e: file:///app/kfizzix-library/src/main/kotlin/com/hereliesaz/kfizzix/collision/broadphase/DynamicTree.kt:671:22 Unresolved reference: combine
e: file:///app/kfizzix-library/src/main/kotlin/com/hereliesaz/kfizzix/collision/broadphase/DynamicTree.kt:672:22 Unresolved reference: combine
e: file:///app/kfizzix-library/src/main/kotlin/com/hereliesaz/kfizzix/collision/broadphase/DynamicTree.kt:697:22 Only safe (?.) or non-null asserted (!!.) calls are allowed on a nullable receiver of type DynamicTreeNode?
e: file:///app/kfizzix-library/src/main/kotlin/com/hereliesaz/kfizzix/collision/broadphase/DynamicTree.kt:716:29 Only safe (?.) or non-null asserted (!!.) calls are allowed on a nullable receiver of type DynamicTreeNode?
e: file:///app/kfizzix-library/src/main/kotlin/com/hereliesaz/kfizzix/collision/broadphase/DynamicTree.kt:721:41 Only safe (?.) or non-null asserted (!!.) calls are allowed on a nullable receiver of type DynamicTreeNode?
e: file:///app/kfizzix-library/src/main/kotlin/com/hereliesaz/kfizzix/collision/broadphase/DynamicTreeFlatNodes.kt:50:5 Property must be initialized or be abstract
e: file:///app/kfizzix-library/src/main/kotlin/com/hereliesaz/kfizzix/collision/broadphase/DynamicTreeFlatNodes.kt:156:22 Unresolved reference: testOverlap
e: file:///app/kfizzix-library/src/main/kotlin/com/hereliesaz/kfizzix/collision/broadphase/DynamicTreeFlatNodes.kt:233:23 Unresolved reference: testOverlap
e: file:///app/kfizzix-library/src/main/kotlin/com/hereliesaz/kfizzix/collision/broadphase/DynamicTreeFlatNodes.kt:316:16 Unresolved reference. None of the following candidates is applicable because of receiver type mismatch:
public operator fun MatchGroupCollection.get(name: String): MatchGroup? defined in kotlin.text
e: file:///app/kfizzix-library/src/main/kotlin/com/hereliesaz/kfizzix/collision/broadphase/DynamicTreeFlatNodes.kt:316:22 No get method providing array access
e: file:///app/kfizzix-library/src/main/kotlin/com/hereliesaz/kfizzix/collision/broadphase/DynamicTreeFlatNodes.kt:321:21 Unresolved reference. None of the following candidates is applicable because of receiver type mismatch:
public operator fun MatchGroupCollection.get(name: String): MatchGroup? defined in kotlin.text
e: file:///app/kfizzix-library/src/main/kotlin/com/hereliesaz/kfizzix/collision/broadphase/DynamicTreeFlatNodes.kt:321:27 No get method providing array access
e: file:///app/kfizzix-library/src/main/kotlin/com/hereliesaz/kfizzix/collision/broadphase/DynamicTreeFlatNodes.kt:327:45 Unresolved reference. None of the following candidates is applicable because of receiver type mismatch:
public operator fun MatchGroupCollection.get(name: String): MatchGroup? defined in kotlin.text
e: file:///app/kfizzix-library/src/main/kotlin/com/hereliesaz/kfizzix/collision/broadphase/DynamicTreeFlatNodes.kt:327:51 No get method providing array access
e: file:///app/kfizzix-library/src/main/kotlin/com/hereliesaz/kfizzix/collision/broadphase/DynamicTreeFlatNodes.kt:327:62 Unresolved reference. None of the following candidates is applicable because of receiver type mismatch:
public operator fun MatchGroupCollection.get(name: String): MatchGroup? defined in kotlin.text
e: file:///app/kfizzix-library/src/main/kotlin/com/hereliesaz/kfizzix/collision/broadphase/DynamicTreeFlatNodes.kt:327:68 No get method providing array access
e: file:///app/kfizzix-library/src/main/kotlin/com/hereliesaz/kfizzix/collision/broadphase/DynamicTreeFlatNodes.kt:341:21 Unresolved reference. None of the following candidates is applicable because of receiver type mismatch:
public operator fun MatchGroupCollection.get(name: String): MatchGroup? defined in kotlin.text
e: file:///app/kfizzix-library/src/main/kotlin/com/hereliesaz/kfizzix/collision/broadphase/DynamicTreeFlatNodes.kt:341:27 No get method providing array access
e: file:///app/kfizzix-library/src/main/kotlin/com/hereliesaz/kfizzix/collision/broadphase/DynamicTreeFlatNodes.kt:427:9 Unresolved reference. None of the following candidates is applicable because of receiver type mismatch:
public inline operator fun kotlin.text.StringBuilder /* = java.lang.StringBuilder */.set(index: Int, value: Char): Unit defined in kotlin.text
e: file:///app/kfizzix-library/src/main/kotlin/com/hereliesaz/kfizzix/collision/broadphase/DynamicTreeFlatNodes.kt:427:15 No set method providing array access
e: file:///app/kfizzix-library/src/main/kotlin/com/hereliesaz/kfizzix/collision/broadphase/DynamicTreeFlatNodes.kt:439:9 Unresolved reference. None of the following candidates is applicable because of receiver type mismatch:
public inline operator fun kotlin.text.StringBuilder /* = java.lang.StringBuilder */.set(index: Int, value: Char): Unit defined in kotlin.text
e: file:///app/kfizzix-library/src/main/kotlin/com/hereliesaz/kfizzix/collision/broadphase/DynamicTreeFlatNodes.kt:439:15 No set method providing array access
e: file:///app/kfizzix-library/src/main/kotlin/com/hereliesaz/kfizzix/collision/broadphase/DynamicTreeFlatNodes.kt:462:18 Unresolved reference: combine
e: file:///app/kfizzix-library/src/main/kotlin/com/hereliesaz/kfizzix/collision/broadphase/DynamicTreeFlatNodes.kt:475:18 Unresolved reference: combine
e: file:///app/kfizzix-library/src/main/kotlin/com/hereliesaz/kfizzix/collision/broadphase/DynamicTreeFlatNodes.kt:488:18 Unresolved reference: combine
e: file:///app/kfizzix-library/src/main/kotlin/com/hereliesaz/kfizzix/collision/broadphase/DynamicTreeFlatNodes.kt:515:14 Unresolved reference: combine
e: file:///app/kfizzix-library/src/main/kotlin/com/hereliesaz/kfizzix/collision/broadphase/DynamicTreeFlatNodes.kt:516:9 Unresolved reference. None of the following candidates is applicable because of receiver type mismatch:
public inline operator fun kotlin.text.StringBuilder /* = java.lang.StringBuilder */.set(index: Int, value: Char): Unit defined in kotlin.text
e: file:///app/kfizzix-library/src/main/kotlin/com/hereliesaz/kfizzix/collision/broadphase/DynamicTreeFlatNodes.kt:516:15 No set method providing array access
e: file:///app/kfizzix-library/src/main/kotlin/com/hereliesaz/kfizzix/collision/broadphase/DynamicTreeFlatNodes.kt:516:29 Unresolved reference. None of the following candidates is applicable because of receiver type mismatch:
public operator fun MatchGroupCollection.get(name: String): MatchGroup? defined in kotlin.text
e: file:///app/kfizzix-library/src/main/kotlin/com/hereliesaz/kfizzix/collision/broadphase/DynamicTreeFlatNodes.kt:516:35 No get method providing array access
e: file:///app/kfizzix-library/src/main/kotlin/com/hereliesaz/kfizzix/collision/broadphase/DynamicTreeFlatNodes.kt:546:13 Unresolved reference. None of the following candidates is applicable because of receiver type mismatch:
public inline operator fun kotlin.text.StringBuilder /* = java.lang.StringBuilder */.set(index: Int, value: Char): Unit defined in kotlin.text
e: file:///app/kfizzix-library/src/main/kotlin/com/hereliesaz/kfizzix/collision/broadphase/DynamicTreeFlatNodes.kt:546:19 No set method providing array access
e: file:///app/kfizzix-library/src/main/kotlin/com/hereliesaz/kfizzix/collision/broadphase/DynamicTreeFlatNodes.kt:546:47 Unresolved reference. None of the following candidates is applicable because of receiver type mismatch:
public operator fun MatchGroupCollection.get(name: String): MatchGroup? defined in kotlin.text
e: file:///app/kfizzix-library/src/main/kotlin/com/hereliesaz/kfizzix/collision/broadphase/DynamicTreeFlatNodes.kt:546:53 No get method providing array access
e: file:///app/kfizzix-library/src/main/kotlin/com/hereliesaz/kfizzix/collision/broadphase/DynamicTreeFlatNodes.kt:546:63 Unresolved reference. None of the following candidates is applicable because of receiver type mismatch:
public operator fun MatchGroupCollection.get(name: String): MatchGroup? defined in kotlin.text
e: file:///app/kfizzix-library/src/main/kotlin/com/hereliesaz/kfizzix/collision/broadphase/DynamicTreeFlatNodes.kt:546:69 No get method providing array access
e: file:///app/kfizzix-library/src/main/kotlin/com/hereliesaz/kfizzix/collision/broadphase/DynamicTreeFlatNodes.kt:547:18 Unresolved reference: combine
e: file:///app/kfizzix-library/src/main/kotlin/com/hereliesaz/kfizzix/collision/broadphase/DynamicTreeFlatNodes.kt:583:22 Unresolved reference: combine
e: file:///app/kfizzix-library/src/main/kotlin/com/hereliesaz/kfizzix/collision/broadphase/DynamicTreeFlatNodes.kt:584:17 Unresolved reference. None of the following candidates is applicable because of receiver type mismatch:
public inline operator fun kotlin.text.StringBuilder /* = java.lang.StringBuilder */.set(index: Int, value: Char): Unit defined in kotlin.text
e: file:///app/kfizzix-library/src/main/kotlin/com/hereliesaz/kfizzix/collision/broadphase/DynamicTreeFlatNodes.kt:584:23 No set method providing array access
e: file:///app/kfizzix-library/src/main/kotlin/com/hereliesaz/kfizzix/collision/broadphase/DynamicTreeFlatNodes.kt:584:51 Unresolved reference. None of the following candidates is applicable because of receiver type mismatch:
public operator fun MatchGroupCollection.get(name: String): MatchGroup? defined in kotlin.text
e: file:///app/kfizzix-library/src/main/kotlin/com/hereliesaz/kfizzix/collision/broadphase/DynamicTreeFlatNodes.kt:584:57 No get method providing array access
e: file:///app/kfizzix-library/src/main/kotlin/com/hereliesaz/kfizzix/collision/broadphase/DynamicTreeFlatNodes.kt:584:67 Unresolved reference. None of the following candidates is applicable because of receiver type mismatch:
public operator fun MatchGroupCollection.get(name: String): MatchGroup? defined in kotlin.text
e: file:///app/kfizzix-library/src/main/kotlin/com/hereliesaz/kfizzix/collision/broadphase/DynamicTreeFlatNodes.kt:584:73 No get method providing array access
e: file:///app/kfizzix-library/src/main/kotlin/com/hereliesaz/kfizzix/collision/broadphase/DynamicTreeFlatNodes.kt:599:40 Unresolved reference. None of the following candidates is applicable because of receiver type mismatch:
public operator fun MatchGroupCollection.get(name: String): MatchGroup? defined in kotlin.text
e: file:///app/kfizzix-library/src/main/kotlin/com/hereliesaz/kfizzix/collision/broadphase/DynamicTreeFlatNodes.kt:599:46 No get method providing array access
e: file:///app/kfizzix-library/src/main/kotlin/com/hereliesaz/kfizzix/collision/broadphase/DynamicTreeFlatNodes.kt:606:23 Unresolved reference. None of the following candidates is applicable because of receiver type mismatch:
public operator fun MatchGroupCollection.get(name: String): MatchGroup? defined in kotlin.text
e: file:///app/kfizzix-library/src/main/kotlin/com/hereliesaz/kfizzix/collision/broadphase/DynamicTreeFlatNodes.kt:606:29 No get method providing array access
e: file:///app/kfizzix-library/src/main/kotlin/com/hereliesaz/kfizzix/collision/broadphase/DynamicTreeFlatNodes.kt:606:36 Unresolved reference. None of the following candidates is applicable because of receiver type mismatch:
public operator fun MatchGroupCollection.get(name: String): MatchGroup? defined in kotlin.text
e: file:///app/kfizzix-library/src/main/kotlin/com/hereliesaz/kfizzix/collision/broadphase/DynamicTreeFlatNodes.kt:606:42 No get method providing array access
e: file:///app/kfizzix-library/src/main/kotlin/com/hereliesaz/kfizzix/collision/broadphase/DynamicTreeFlatNodes.kt:631:17 Unresolved reference. None of the following candidates is applicable because of receiver type mismatch:
public operator fun MatchGroupCollection.get(name: String): MatchGroup? defined in kotlin.text
e: file:///app/kfizzix-library/src/main/kotlin/com/hereliesaz/kfizzix/collision/broadphase/DynamicTreeFlatNodes.kt:631:23 No get method providing array access
e: file:///app/kfizzix-library/src/main/kotlin/com/hereliesaz/kfizzix/collision/broadphase/DynamicTreeFlatNodes.kt:631:30 Unresolved reference. None of the following candidates is applicable because of receiver type mismatch:
public operator fun MatchGroupCollection.get(name: String): MatchGroup? defined in kotlin.text
e: file:///app/kfizzix-library/src/main/kotlin/com/hereliesaz/kfizzix/collision/broadphase/DynamicTreeFlatNodes.kt:631:36 No get method providing array access
e: file:///app/kfizzix-library/src/main/kotlin/com/hereliesaz/kfizzix/collision/broadphase/DynamicTreeFlatNodes.kt:635:22 Unresolved reference: combine
e: file:///app/kfizzix-library/src/main/kotlin/com/hereliesaz/kfizzix/collision/broadphase/DynamicTreeFlatNodes.kt:636:22 Unresolved reference: combine
e: file:///app/kfizzix-library/src/main/kotlin/com/hereliesaz/kfizzix/collision/broadphase/DynamicTreeFlatNodes.kt:637:17 Unresolved reference. None of the following candidates is applicable because of receiver type mismatch:
public inline operator fun kotlin.text.StringBuilder /* = java.lang.StringBuilder */.set(index: Int, value: Char): Unit defined in kotlin.text
e: file:///app/kfizzix-library/src/main/kotlin/com/hereliesaz/kfizzix/collision/broadphase/DynamicTreeFlatNodes.kt:637:23 No set method providing array access
e: file:///app/kfizzix-library/src/main/kotlin/com/hereliesaz/kfizzix/collision/broadphase/DynamicTreeFlatNodes.kt:637:48 Unresolved reference. None of the following candidates is applicable because of receiver type mismatch:
public operator fun MatchGroupCollection.get(name: String): MatchGroup? defined in kotlin.text
e: file:///app/kfizzix-library/src/main/kotlin/com/hereliesaz/kfizzix/collision/broadphase/DynamicTreeFlatNodes.kt:637:54 No get method providing array access
e: file:///app/kfizzix-library/src/main/kotlin/com/hereliesaz/kfizzix/collision/broadphase/DynamicTreeFlatNodes.kt:637:60 Unresolved reference. None of the following candidates is applicable because of receiver type mismatch:
public operator fun MatchGroupCollection.get(name: String): MatchGroup? defined in kotlin.text
e: file:///app/kfizzix-library/src/main/kotlin/com/hereliesaz/kfizzix/collision/broadphase/DynamicTreeFlatNodes.kt:637:66 No get method providing array access
e: file:///app/kfizzix-library/src/main/kotlin/com/hereliesaz/kfizzix/collision/broadphase/DynamicTreeFlatNodes.kt:638:17 Unresolved reference. None of the following candidates is applicable because of receiver type mismatch:
public inline operator fun kotlin.text.StringBuilder /* = java.lang.StringBuilder */.set(index: Int, value: Char): Unit defined in kotlin.text
e: file:///app/kfizzix-library/src/main/kotlin/com/hereliesaz/kfizzix/collision/broadphase/DynamicTreeFlatNodes.kt:638:23 No set method providing array access
e: file:///app/kfizzix-library/src/main/kotlin/com/hereliesaz/kfizzix/collision/broadphase/DynamicTreeFlatNodes.kt:638:48 Unresolved reference. None of the following candidates is applicable because of receiver type mismatch:
public operator fun MatchGroupCollection.get(name: String): MatchGroup? defined in kotlin.text
e: file:///app/kfizzix-library/src/main/kotlin/com/hereliesaz/kfizzix/collision/broadphase/DynamicTreeFlatNodes.kt:638:54 No get method providing array access
e: file:///app/kfizzix-library/src/main/kotlin/com/hereliesaz/kfizzix/collision/broadphase/DynamicTreeFlatNodes.kt:638:60 Unresolved reference. None of the following candidates is applicable because of receiver type mismatch:
public operator fun MatchGroupCollection.get(name: String): MatchGroup? defined in kotlin.text
e: file:///app/kfizzix-library/src/main/kotlin/com/hereliesaz/kfizzix/collision/broadphase/DynamicTreeFlatNodes.kt:638:66 No get method providing array access
e: file:///app/kfizzix-library/src/main/kotlin/com/hereliesaz/kfizzix/collision/broadphase/DynamicTreeFlatNodes.kt:643:22 Unresolved reference: combine
e: file:///app/kfizzix-library/src/main/kotlin/com/hereliesaz/kfizzix/collision/broadphase/DynamicTreeFlatNodes.kt:644:22 Unresolved reference: combine
e: file:///app/kfizzix-library/src/main/kotlin/com/hereliesaz/kfizzix/collision/broadphase/DynamicTreeFlatNodes.kt:645:17 Unresolved reference. None of the following candidates is applicable because of receiver type mismatch:
public inline operator fun kotlin.text.StringBuilder /* = java.lang.StringBuilder */.set(index: Int, value: Char): Unit defined in kotlin.text
e: file:///app/kfizzix-library/src/main/kotlin/com/hereliesaz/kfizzix/collision/broadphase/DynamicTreeFlatNodes.kt:645:23 No set method providing array access
e: file:///app/kfizzix-library/src/main/kotlin/com/hereliesaz/kfizzix/collision/broadphase/DynamicTreeFlatNodes.kt:645:48 Unresolved reference. None of the following candidates is applicable because of receiver type mismatch:
public operator fun MatchGroupCollection.get(name: String): MatchGroup? defined in kotlin.text
e: file:///app/kfizzix-library/src/main/kotlin/com/hereliesaz/kfizzix/collision/broadphase/DynamicTreeFlatNodes.kt:645:54 No get method providing array access
e: file:///app/kfizzix-library/src/main/kotlin/com/hereliesaz/kfizzix/collision/broadphase/DynamicTreeFlatNodes.kt:645:60 Unresolved reference. None of the following candidates is applicable because of receiver type mismatch:
public operator fun MatchGroupCollection.get(name: String): MatchGroup? defined in kotlin.text
e: file:///app/kfizzix-library/src/main/kotlin/com/hereliesaz/kfizzix/collision/broadphase/DynamicTreeFlatNodes.kt:645:66 No get method providing array access
e: file:///app/kfizzix-library/src/main/kotlin/com/hereliesaz/kfizzix/collision/broadphase/DynamicTreeFlatNodes.kt:646:17 Unresolved reference. None of the following candidates is applicable because of receiver type mismatch:
public inline operator fun kotlin.text.StringBuilder /* = java.lang.StringBuilder */.set(index: Int, value: Char): Unit defined in kotlin.text
e: file:///app/kfizzix-library/src/main/kotlin/com/hereliesaz/kfizzix/collision/broadphase/DynamicTreeFlatNodes.kt:646:23 No set method providing array access
e: file:///app/kfizzix-library/src/main/kotlin/com/hereliesaz/kfizzix/collision/broadphase/DynamicTreeFlatNodes.kt:646:48 Unresolved reference. None of the following candidates is applicable because of receiver type mismatch:
public operator fun MatchGroupCollection.get(name: String): MatchGroup? defined in kotlin.text
e: file:///app/kfizzix-library/src/main/kotlin/com/hereliesaz/kfizzix/collision/broadphase/DynamicTreeFlatNodes.kt:646:54 No get method providing array access
e: file:///app/kfizzix-library/src/main/kotlin/com/hereliesaz/kfizzix/collision/broadphase/DynamicTreeFlatNodes.kt:646:60 Unresolved reference. None of the following candidates is applicable because of receiver type mismatch:
public operator fun MatchGroupCollection.get(name: String): MatchGroup? defined in kotlin.text
e: file:///app/kfizzix-library/src/main/kotlin/com/hereliesaz/kfizzix/collision/broadphase/DynamicTreeFlatNodes.kt:646:66 No get method providing array access
e: file:///app/kfizzix-library/src/main/kotlin/com/hereliesaz/kfizzix/collision/broadphase/DynamicTreeFlatNodes.kt:672:17 Unresolved reference. None of the following candidates is applicable because of receiver type mismatch:
public operator fun MatchGroupCollection.get(name: String): MatchGroup? defined in kotlin.text
e: file:///app/kfizzix-library/src/main/kotlin/com/hereliesaz/kfizzix/collision/broadphase/DynamicTreeFlatNodes.kt:672:23 No get method providing array access
e: file:///app/kfizzix-library/src/main/kotlin/com/hereliesaz/kfizzix/collision/broadphase/DynamicTreeFlatNodes.kt:672:30 Unresolved reference. None of the following candidates is applicable because of receiver type mismatch:
public operator fun MatchGroupCollection.get(name: String): MatchGroup? defined in kotlin.text
e: file:///app/kfizzix-library/src/main/kotlin/com/hereliesaz/kfizzix/collision/broadphase/DynamicTreeFlatNodes.kt:672:36 No get method providing array access
e: file:///app/kfizzix-library/src/main/kotlin/com/hereliesaz/kfizzix/collision/broadphase/DynamicTreeFlatNodes.kt:676:22 Unresolved reference: combine
e: file:///app/kfizzix-library/src/main/kotlin/com/hereliesaz/kfizzix/collision/broadphase/DynamicTreeFlatNodes.kt:677:22 Unresolved reference: combine
e: file:///app/kfizzix-library/src/main/kotlin/com/hereliesaz/kfizzix/collision/broadphase/DynamicTreeFlatNodes.kt:678:17 Unresolved reference. None of the following candidates is applicable because of receiver type mismatch:
public inline operator fun kotlin.text.StringBuilder /* = java.lang.StringBuilder */.set(index: Int, value: Char): Unit defined in kotlin.text
e: file:///app/kfizzix-library/src/main/kotlin/com/hereliesaz/kfizzix/collision/broadphase/DynamicTreeFlatNodes.kt:678:23 No set method providing array access
e: file:///app/kfizzix-library/src/main/kotlin/com/hereliesaz/kfizzix/collision/broadphase/DynamicTreeFlatNodes.kt:678:48 Unresolved reference. None of the following candidates is applicable because of receiver type mismatch:
public operator fun MatchGroupCollection.get(name: String): MatchGroup? defined in kotlin.text
e: file:///app/kfizzix-library/src/main/kotlin/com/hereliesaz/kfizzix/collision/broadphase/DynamicTreeFlatNodes.kt:678:54 No get method providing array access
e: file:///app/kfizzix-library/src/main/kotlin/com/hereliesaz/kfizzix/collision/broadphase/DynamicTreeFlatNodes.kt:678:60 Unresolved reference. None of the following candidates is applicable because of receiver type mismatch:
public operator fun MatchGroupCollection.get(name: String): MatchGroup? defined in kotlin.text
e: file:///app/kfizzix-library/src/main/kotlin/com/hereliesaz/kfizzix/collision/broadphase/DynamicTreeFlatNodes.kt:678:66 No get method providing array access
e: file:///app/kfizzix-library/src/main/kotlin/com/hereliesaz/kfizzix/collision/broadphase/DynamicTreeFlatNodes.kt:679:17 Unresolved reference. None of the following candidates is applicable because of receiver type mismatch:
public inline operator fun kotlin.text.StringBuilder /* = java.lang.StringBuilder */.set(index: Int, value: Char): Unit defined in kotlin.text
e: file:///app/kfizzix-library/src/main/kotlin/com/hereliesaz/kfizzix/collision/broadphase/DynamicTreeFlatNodes.kt:679:23 No set method providing array access
e: file:///app/kfizzix-library/src/main/kotlin/com/hereliesaz/kfizzix/collision/broadphase/DynamicTreeFlatNodes.kt:679:48 Unresolved reference. None of the following candidates is applicable because of receiver type mismatch:
public operator fun MatchGroupCollection.get(name: String): MatchGroup? defined in kotlin.text
e: file:///app/kfizzix-library/src/main/kotlin/com/hereliesaz/kfizzix/collision/broadphase/DynamicTreeFlatNodes.kt:679:54 No get method providing array access
e: file:///app/kfizzix-library/src/main/kotlin/com/hereliesaz/kfizzix/collision/broadphase/DynamicTreeFlatNodes.kt:679:60 Unresolved reference. None of the following candidates is applicable because of receiver type mismatch:
public operator fun MatchGroupCollection.get(name: String): MatchGroup? defined in kotlin.text
e: file:///app/kfizzix-library/src/main/kotlin/com/hereliesaz/kfizzix/collision/broadphase/DynamicTreeFlatNodes.kt:679:66 No get method providing array access
e: file:///app/kfizzix-library/src/main/kotlin/com/hereliesaz/kfizzix/collision/broadphase/DynamicTreeFlatNodes.kt:684:22 Unresolved reference: combine
e: file:///app/kfizzix-library/src/main/kotlin/com/hereliesaz/kfizzix/collision/broadphase/DynamicTreeFlatNodes.kt:685:22 Unresolved reference: combine
e: file:///app/kfizzix-library/src/main/kotlin/com/hereliesaz/kfizzix/collision/broadphase/DynamicTreeFlatNodes.kt:686:17 Unresolved reference. None of the following candidates is applicable because of receiver type mismatch:
public inline operator fun kotlin.text.StringBuilder /* = java.lang.StringBuilder */.set(index: Int, value: Char): Unit defined in kotlin.text
e: file:///app/kfizzix-library/src/main/kotlin/com/hereliesaz/kfizzix/collision/broadphase/DynamicTreeFlatNodes.kt:686:23 No set method providing array access
e: file:///app/kfizzix-library/src/main/kotlin/com/hereliesaz/kfizzix/collision/broadphase/DynamicTreeFlatNodes.kt:686:48 Unresolved reference. None of the following candidates is applicable because of receiver type mismatch:
public operator fun MatchGroupCollection.get(name: String): MatchGroup? defined in kotlin.text
e: file:///app/kfizzix-library/src/main/kotlin/com/hereliesaz/kfizzix/collision/broadphase/DynamicTreeFlatNodes.kt:686:54 No get method providing array access
e: file:///app/kfizzix-library/src/main/kotlin/com/hereliesaz/kfizzix/collision/broadphase/DynamicTreeFlatNodes.kt:686:60 Unresolved reference. None of the following candidates is applicable because of receiver type mismatch:
public operator fun MatchGroupCollection.get(name: String): MatchGroup? defined in kotlin.text
e: file:///app/kfizzix-library/src/main/kotlin/com/hereliesaz/kfizzix/collision/broadphase/DynamicTreeFlatNodes.kt:686:66 No get method providing array access
e: file:///app/kfizzix-library/src/main/kotlin/com/hereliesaz/kfizzix/collision/broadphase/DynamicTreeFlatNodes.kt:687:17 Unresolved reference. None of the following candidates is applicable because of receiver type mismatch:
public inline operator fun kotlin.text.StringBuilder /* = java.lang.StringBuilder */.set(index: Int, value: Char): Unit defined in kotlin.text
e: file:///app/kfizzix-library/src/main/kotlin/com/hereliesaz/kfizzix/collision/broadphase/DynamicTreeFlatNodes.kt:687:23 No set method providing array access
e: file:///app/kfizzix-library/src/main/kotlin/com/hereliesaz/kfizzix/collision/broadphase/DynamicTreeFlatNodes.kt:687:48 Unresolved reference. None of the following candidates is applicable because of receiver type mismatch:
public operator fun MatchGroupCollection.get(name: String): MatchGroup? defined in kotlin.text
e: file:///app/kfizzix-library/src/main/kotlin/com/hereliesaz/kfizzix/collision/broadphase/DynamicTreeFlatNodes.kt:687:54 No get method providing array access
e: file:///app/kfizzix-library/src/main/kotlin/com/hereliesaz/kfizzix/collision/broadphase/DynamicTreeFlatNodes.kt:687:60 Unresolved reference. None of the following candidates is applicable because of receiver type mismatch:
public operator fun MatchGroupCollection.get(name: String): MatchGroup? defined in kotlin.text
e: file:///app/kfizzix-library/src/main/kotlin/com/hereliesaz/kfizzix/collision/broadphase/DynamicTreeFlatNodes.kt:687:66 No get method providing array access
e: file:///app/kfizzix-library/src/main/kotlin/com/hereliesaz/kfizzix/collision/broadphase/DynamicTreeFlatNodes.kt:703:20 Unresolved reference. None of the following candidates is applicable because of receiver type mismatch:
public operator fun MatchGroupCollection.get(name: String): MatchGroup? defined in kotlin.text
e: file:///app/kfizzix-library/src/main/kotlin/com/hereliesaz/kfizzix/collision/broadphase/DynamicTreeFlatNodes.kt:703:26 No get method providing array access
e: file:///app/kfizzix-library/src/main/kotlin/com/hereliesaz/kfizzix/collision/broadphase/DynamicTreeFlatNodes.kt:722:20 Unresolved reference. None of the following candidates is applicable because of receiver type mismatch:
public operator fun MatchGroupCollection.get(name: String): MatchGroup? defined in kotlin.text
e: file:///app/kfizzix-library/src/main/kotlin/com/hereliesaz/kfizzix/collision/broadphase/DynamicTreeFlatNodes.kt:722:26 No get method providing array access
e: file:///app/kfizzix-library/src/main/kotlin/com/hereliesaz/kfizzix/collision/broadphase/DynamicTreeFlatNodes.kt:727:23 Unresolved reference. None of the following candidates is applicable because of receiver type mismatch:
public operator fun MatchGroupCollection.get(name: String): MatchGroup? defined in kotlin.text
e: file:///app/kfizzix-library/src/main/kotlin/com/hereliesaz/kfizzix/collision/broadphase/DynamicTreeFlatNodes.kt:727:29 No get method providing array access
e: file:///app/kfizzix-library/src/main/kotlin/com/hereliesaz/kfizzix/collision/broadphase/DynamicTreeFlatNodes.kt:728:23 Unresolved reference. None of the following candidates is applicable because of receiver type mismatch:
public operator fun MatchGroupCollection.get(name: String): MatchGroup? defined in kotlin.text
e: file:///app/kfizzix-library/src/main/kotlin/com/hereliesaz/kfizzix/collision/broadphase/DynamicTreeFlatNodes.kt:728:29 No get method providing array access
e: file:///app/kfizzix-library/src/main/kotlin/com/hereliesaz/kfizzix/collision/broadphase/DynamicTreeFlatNodes.kt:730:32 Overload resolution ambiguity:
public final fun max(a: Float, b: Float): Float defined in com.hereliesaz.kfizzix.common.MathUtils
public final fun max(a: Int, b: Int): Int defined in com.hereliesaz.kfizzix.common.MathUtils
e: file:///app/kfizzix-library/src/main/kotlin/com/hereliesaz/kfizzix/collision/broadphase/DynamicTreeFlatNodes.kt:731:16 Unresolved reference. None of the following candidates is applicable because of receiver type mismatch:
public operator fun MatchGroupCollection.get(name: String): MatchGroup? defined in kotlin.text
e: file:///app/kfizzix-library/src/main/kotlin/com/hereliesaz/kfizzix/collision/broadphase/DynamicTreeFlatNodes.kt:731:27 No get method providing array access
e: file:///app/kfizzix-library/src/main/kotlin/com/hereliesaz/kfizzix/dynamics/World.kt:146:26 Unresolved reference: JointDef
e: file:///app/kfizzix-library/src/main/kotlin/com/hereliesaz/kfizzix/dynamics/contacts/Contact.kt:150:21 Unresolved reference. None of the following candidates is applicable because of receiver type mismatch:
public inline operator fun kotlin.text.StringBuilder /* = java.lang.StringBuilder */.set(index: Int, value: Char): Unit defined in kotlin.text
e: file:///app/kfizzix-library/src/main/kotlin/com/hereliesaz/kfizzix/dynamics/contacts/Contact.kt:166:56 Type mismatch: inferred type is Shape? but Shape was expected
e: file:///app/kfizzix-library/src/main/kotlin/com/hereliesaz/kfizzix/dynamics/contacts/Contact.kt:166:72 Type mismatch: inferred type is Shape? but Shape was expected
e: file:///app/kfizzix-library/src/main/kotlin/com/hereliesaz/kfizzix/dynamics/joints/MouseJoint.kt:70:9 Unresolved reference: Transform

FAILURE: Build failed with an exception.

* What went wrong:
Execution failed for task ':kfizzix-library:compileKotlin'.
> A failure occurred while executing org.jetbrains.kotlin.compilerRunner.GradleCompilerRunnerWithWorkers$GradleKotlinCompilerWorkAction
   > Compilation error. See log for more details

* Try:
> Run with --stacktrace option to get the stack trace.
> Run with --info or --debug option to get more log output.
> Run with --scan to get full insights.
> Get more help at https://help.gradle.org.

Deprecated Gradle features were used in this build, making it incompatible with Gradle 9.0.

You can use '--warning-mode all' to show the individual deprecation warnings and determine if they come from your own scripts or plugins.

For more on this, please refer to https://docs.gradle.org/8.8/userguide/command_line_interface.html#sec:command_line_warnings in the Gradle documentation.

BUILD FAILED in 17s
2 actionable tasks: 2 executed
