> Task :kfizzix-library:checkKotlinGradlePluginConfigurationErrors
> Task :kfizzix-library:compileKotlin UP-TO-DATE
> Task :kfizzix-library:compileJava NO-SOURCE
> Task :kfizzix-library:processResources NO-SOURCE
> Task :kfizzix-library:classes UP-TO-DATE
> Task :kfizzix-library:processTestResources NO-SOURCE
> Task :kfizzix-library:compileTestKotlin
> Task :kfizzix-library:compileTestJava NO-SOURCE
> Task :kfizzix-library:testClasses UP-TO-DATE
> Task :kfizzix-library:test

Deprecated Gradle features were used in this build, making it incompatible with Gradle 9.0.

You can use '--warning-mode all' to show the individual deprecation warnings and determine if they come from your own scripts or plugins.

For more on this, please refer to https://docs.gradle.org/8.8/userguide/command_line_interface.html#sec:command_line_warnings in the Gradle documentation.

BUILD SUCCESSFUL in 6s
4 actionable tasks: 3 executed, 1 up-to-date
